2026-09-19T16:41:47 | qblx | REQUEST  | Director | Bootstrap Baton
2026-09-19T16:41:47 | qblx | RUN_DONE | Director | Baton initialized
2026-09-19T17:00:45 | uonl | REQUEST  | Director | Narrow in-flight detection to PLANNED and FEEDBACK
2026-09-19T17:02:42 | uonl | PLANNED  | Planner  | Narrow in-flight detection to PLANNED and FEEDBACK | .baton/runs/20260919-1700-concurrency-inflight-PLAN.md
2026-09-19T17:11:37 | uonl | EXECUTED | Executor | Narrow in-flight detection with conditional REVIEW | .baton/runs/20260919-1700-concurrency-inflight-RUN-01.md
2026-09-19T17:15:07 | uonl | REVIEW   | Planner  | Review round 01 | .baton/runs/20260919-1700-concurrency-inflight-REVIEW-01.md
2026-09-19T17:17:12 | uonl | EXECUTED | Executor | Fail closed on unreadable REVIEW artifact | .baton/runs/20260919-1700-concurrency-inflight-RUN-02.md
2026-09-19T17:19:44 | uonl | REVIEW   | Planner  | Review round 02 | .baton/runs/20260919-1700-concurrency-inflight-REVIEW-02.md
2026-09-19T17:26:16 | uonl | CLOSE    | Director | Narrow in-flight detection, failing closed on unreadable reviews | .baton/runs/20260919-1700-concurrency-inflight-CLOSE.md
2026-09-19T17:29:38 | veee | REQUEST  | Director | Refresh the installed .baton/bin after build-release
2026-09-19T17:30:20 | veee | RUN_DONE | Director | build-release refreshes the installed .baton/bin
2026-09-19T17:31:56 | qstp | REQUEST  | Director | Make status reflect a REVIEW that reports blockers
2026-09-19T17:33:42 | qstp | PLANNED  | Planner  | Make status reflect a blocked REVIEW | .baton/runs/20260919-1731-status-blockers-PLAN.md
2026-09-19T17:36:43 | qstp | EXECUTED | Executor | Status reports another EXECUTED round for a blocked REVIEW | .baton/runs/20260919-1731-status-blockers-RUN-01.md
2026-09-19T17:40:01 | qstp | REVIEW   | Planner  | Review round 01 | .baton/runs/20260919-1731-status-blockers-REVIEW-01.md
2026-09-19T17:45:26 | qstp | CLOSE    | Director | Status agrees with the approval gate on a blocked review | .baton/runs/20260919-1731-status-blockers-CLOSE.md
2026-09-19T17:46:39 | jiaq | REQUEST  | Director | Record plan deviations in CLOSE
2026-09-19T17:49:38 | jiaq | PLANNED  | Planner  | Record plan deviations in CLOSE | .baton/runs/20260919-1746-close-deviations-PLAN.md
2026-09-19T17:52:37 | jiaq | EXECUTED | Executor | Require Plan Deviations in new CLOSE artifacts | .baton/runs/20260919-1746-close-deviations-RUN-01.md
2026-09-19T17:55:27 | jiaq | REVIEW   | Planner  | Review round 01 | .baton/runs/20260919-1746-close-deviations-REVIEW-01.md
2026-09-19T17:58:04 | jiaq | CLOSE    | Director | Require Plan Deviations in new CLOSE artifacts | .baton/runs/20260919-1746-close-deviations-CLOSE.md
2026-09-19T18:37:09 | vxym | REQUEST  | Director | Record the PLAN path on REQUEST so the key survives
2026-09-19T18:40:04 | vxym | PLANNED  | Planner  | Record the PLAN path on REQUEST | .baton/runs/20260919-1837-request-plan-path-PLAN.md
2026-09-19T18:48:02 | vxym | EXECUTED | Executor | Record the forward PLAN path on REQUEST | .baton/runs/20260919-1837-request-plan-path-RUN-01.md
2026-09-19T18:51:44 | vxym | REVIEW   | Planner  | Review round 01 | .baton/runs/20260919-1837-request-plan-path-REVIEW-01.md
2026-09-19T18:59:18 | vxym | CLOSE    | Director | Record the PLAN path on REQUEST so the key survives | .baton/runs/20260919-1837-request-plan-path-CLOSE.md
2026-09-19T19:02:19 | wqkb | REQUEST  | Director | Stop rejecting command syntax as an unfilled placeholder | .baton/runs/20260919-1902-placeholder-check-PLAN.md
2026-09-19T19:05:46 | wqkb | PLANNED  | Planner  | Stop rejecting command syntax as an unfilled placeholder | .baton/runs/20260919-1902-placeholder-check-PLAN.md
2026-09-19T19:09:26 | wqkb | EXECUTED | Executor | Check placeholders by template provenance | .baton/runs/20260919-1902-placeholder-check-RUN-01.md
2026-09-19T19:14:16 | wqkb | REVIEW   | Planner  | Review round 01 | .baton/runs/20260919-1902-placeholder-check-REVIEW-01.md
2026-09-19T19:25:24 | wqkb | CLOSE    | Director | Judge placeholders by template provenance, and have delegates self-check | .baton/runs/20260919-1902-placeholder-check-CLOSE.md
